$ playwright test "e2e/auth.spec.ts"
Missing Clerk keys - authenticated tests may fail

Running 6 tests using 6 workers

[1A[2K[1/6] [chromium] › e2e/auth.spec.ts:40:5 › Authentication › Authenticated › can sign out
[1A[2K[2/6] [chromium] › e2e/auth.spec.ts:7:5 › Authentication › Unauthenticated › shows sign in button on home
[1A[2K[3/6] [chromium] › e2e/auth.spec.ts:25:5 › Authentication › Unauthenticated › shows access denied message on protected route
[1A[2K[4/6] [chromium] › e2e/auth.spec.ts:13:5 › Authentication › Unauthenticated › shows user button when signed in
[1A[2K[5/6] [chromium] › e2e/auth.spec.ts:34:5 › Authentication › Authenticated › can access protected route when signed in
[1A[2K[6/6] [chromium] › e2e/auth.spec.ts:19:5 › Authentication › Unauthenticated › redirects from protected route when signed out
[1A[2K  3 skipped
  3 passed (2.7s)

To open last HTML report run:
[36m[39m
[36m  npx playwright show-report[39m
[36m[39m
